Microsoft (R) Macro Assembler Version 14.41.34120.0	    12/10/24 00:47:16
main.asm						     Page 1 - 1


				.686P
				.XMM
				.model flat, c
				include csfml.inc
			      C ; CSFML.INC - SFML Definitions for x86 Assembly
			      C ; 使用 MASM 語法
			      C 
			      C includelib csfml-audio.lib
			      C includelib csfml-graphics.lib
			      C includelib csfml-system.lib
			      C includelib csfml-window.lib
			      C 
			      C 
			      C ; sfBool 定義
 = 00000000		      C sfFalse     equ 0
 = 00000001		      C sfTrue      equ 1
			      C 
			      C ; sfEventType 定義
 = 00000000		      C sfEvtClosed               equ 0
 = 00000001		      C sfEvtResized              equ 1
 = 00000002		      C sfEvtLostFocus            equ 2
 = 00000003		      C sfEvtGainedFocus          equ 3
 = 00000004		      C sfEvtTextEntered          equ 4
 = 00000005		      C sfEvtKeyPressed           equ 5
 = 00000006		      C sfEvtKeyReleased          equ 6
 = 00000007		      C sfEvtMouseWheelMoved      equ 7
 = 00000008		      C sfEvtMouseButtonPressed   equ 8
 = 00000009		      C sfEvtMouseButtonReleased  equ 9
 = 0000000A		      C sfEvtMouseMoved           equ 10
 = 0000000B		      C sfEvtMouseEntered         equ 11
 = 0000000C		      C sfEvtMouseLeft            equ 12
			      C 
			      C ; sfMouseButton 定義
 = 00000000		      C sfMouseLeft   equ 0
 = 00000001		      C sfMouseRight  equ 1
 = 00000002		      C sfMouseMiddle equ 2
			      C 
			      C ; sfKey 定義
 = 00000024		      C sfKeyEnter    equ 36
			      C 
			      C ; 視窗風格定義
 = 00000000		      C sfNone       equ 0
 = 00000001		      C sfTitlebar   equ 1
 = 00000002		      C sfResize     equ 2
 = 00000004		      C sfClose      equ 4
 = 00000008		      C sfFullscreen equ 8
			      C 
			      C ; 結構體定義
 00000008		      C sfVector2f STRUCT
 00000000  00000000	      C     x REAL4 ?
 00000004  00000000	      C     y REAL4 ?
			      C sfVector2f ENDS
			      C 
 00000008		      C sfVector2i STRUCT
 00000000  00000000	      C     x SDWORD ?
 00000004  00000000	      C     y SDWORD ?
			      C sfVector2i ENDS
			      C 
 0000000C		      C sfVideoMode STRUCT
 00000000  00000000	      C     _width  DWORD ?
 00000004  00000000	      C     height DWORD ?
 00000008  00000000	      C     bpp    DWORD ?
			      C sfVideoMode ENDS
			      C 
 00000004		      C sfColor STRUCT
 00000000  00		      C     r BYTE ?
 00000001  00		      C     g BYTE ?
 00000002  00		      C     b BYTE ?
 00000003  00		      C     a BYTE ?
			      C sfColor ENDS
			      C 
 00000010		      C sfFloatRect STRUCT
 00000000  00000000	      C     left   REAL4 ?
 00000004  00000000	      C     top    REAL4 ?
 00000008  00000000	      C     _width  REAL4 ?
 0000000C  00000000	      C     height REAL4 ?
			      C sfFloatRect ENDS
			      C 
 0000000C		      C mouseButton STRUCT
 00000000  00000000	      C     button DWORD ?
 00000004  00000000	      C     x DWORD ?
 00000008  00000000	      C     y DWORD ?
			      C mouseButton ENDS
			      C 
 00000014		      C key STRUCT
 00000000  00000000	      C     code DWORD ?
 00000004  00000000	      C     alt DWORD ?
 00000008  00000000	      C     control DWORD ?
 0000000C  00000000	      C     shift DWORD ?
 00000010  00000000	      C     system DWORD ?
			      C key ENDS
			      C 
			      C ; 事件結構體
 00000028		      C sfEvent STRUCT
 00000000  00000000	      C     _type DWORD ?
 00000004  00000000	      C     _size DWORD ?
 00000008  00000000	      C     mouse mouseButton <>
	   00000000
	   00000000
 00000014  00000000	      C     _key key <>
	   00000000
	   00000000
	   00000000
	   00000000
			      C sfEvent ENDS
			      C 
			      C ; 函數原型 - 視窗相關
			      C EXTERN sfRenderWindow_create:PROC
			      C EXTERN sfRenderWindow_destroy:PROC
			      C EXTERN sfRenderWindow_close:PROC
			      C EXTERN sfRenderWindow_isOpen:PROC
			      C EXTERN sfRenderWindow_clear:PROC
			      C EXTERN sfRenderWindow_display:PROC
			      C EXTERN sfRenderWindow_pollEvent:PROC
			      C EXTERN sfRenderWindow_drawSprite:PROC
			      C EXTERN sfRenderWindow_drawText:PROC
			      C 
			      C ; 函數原型 - 紋理相關
			      C EXTERN sfTexture_createFromFile:PROC
			      C EXTERN sfTexture_destroy:PROC
			      C 
			      C ; 函數原型 - 精靈相關
			      C EXTERN sfSprite_create:PROC
			      C EXTERN sfSprite_destroy:PROC
			      C EXTERN sfSprite_setTexture:PROC
			      C 
			      C ; 函數原型 - 音樂相關
			      C EXTERN sfMusic_createFromFile:PROC
			      C EXTERN sfMusic_destroy:PROC
			      C EXTERN sfMusic_play:PROC
			      C EXTERN sfMusic_setLoop:PROC
			      C 
			      C ; 函數原型 - 文字相關
			      C EXTERN sfFont_createFromFile:PROC
			      C EXTERN sfFont_destroy:PROC
			      C EXTERN sfText_create:PROC
			      C EXTERN sfText_destroy:PROC
			      C EXTERN sfText_setFont:PROC
			      C EXTERN sfText_setString:PROC
			      C EXTERN sfText_setCharacterSize:PROC
			      C EXTERN sfText_setFillColor:PROC
			      C EXTERN sfText_setOutlineColor:PROC
			      C EXTERN sfText_setOutlineThickness:PROC
			      C EXTERN sfText_getLocalBounds:PROC
			      C EXTERN sfText_getGlobalBounds:PROC
			      C EXTERN sfText_setPosition:PROC
			      C 
			      C ; 函數原型 - 顏色相關
			      C EXTERN sfColor_fromRGB:PROC
			      C EXTERN sfColor_fromRGBA:PROC
			      C 

 00000000			.data

				    ; 檔案路徑
 00000000 61 73 73 65 74	    musicPath db "assets/main/v_title.ogg", 0
	   73 2F 6D 61 69
	   6E 2F 76 5F 74
	   69 74 6C 65 2E
	   6F 67 67 00
 00000018 61 73 73 65 74	    picPath db "assets/main/taiko_main.jpg", 0
	   73 2F 6D 61 69
	   6E 2F 74 61 69
	   6B 6F 5F 6D 61
	   69 6E 2E 6A 70
	   67 00
 00000033 61 73 73 65 74	    fontPath db "assets/main/Taiko_No_Tatsujin_Official_Font.ttf", 0
	   73 2F 6D 61 69
	   6E 2F 54 61 69
	   6B 6F 5F 4E 6F
	   5F 54 61 74 73
	   75 6A 69 6E 5F
	   4F 66 66 69 63
	   69 61 6C 5F 46
	   6F 6E 74 2E 74
	   74 66 00
				    
				    ; 視窗和遊戲標題
 00000063 54 61 69 6B 6F	    window_title db "Taiko Simulator", 0
	   20 53 69 6D 75
	   6C 61 74 6F 72
	   00
				    ; 提示文字
 00000073 43 6C 69 63 6B	    prompt_string db "Click or Press Enter to Start", 0
	   20 6F 72 20 50
	   72 65 73 73 20
	   45 6E 74 65 72
	   20 74 6F 20 53
	   74 61 72 74 00
				    
				    ; SFML物件
 00000091 00000000		    window dd 0
 00000095 00000000		    bgTexture dd 0
 00000099 00000000		    bgSprite dd 0
 0000009D 00000000		    bgMusic dd 0
 000000A1 00000000		    font dd 0
 000000A5 00000000		    titleText dd 0
 000000A9 00000000		    promptText dd 0
 000000AD 00000000		    titleBounds sfFloatRect <>
	   00000000
	   00000000
	   00000000
 000000BD 00000000		    textBounds sfFloatRect <>
	   00000000
	   00000000
	   00000000
				    
				    ; 視窗設定
 000000CD 00000500		    window_videoMode sfVideoMode <1280, 720, 32>
	   000002D0
	   00000020
 000000D9 44A00000		    window_realWidth dd 044a00000r ; 1280.0
				    ; 事件結構
 000000DD 00000000		    event sfEvent <>
	   00000000
	   00000000
	   00000000
	   00000000
	   00000000
	   00000000
	   00000000
	   00000000
	   00000000
				    
				    ; 透明度相關
 00000105 43700000		    opacity dd 043700000r ; 240.0
 00000109 42480000		    minOpacity dd 042480000r ; 50.0
 0000010D 43700000		    maxOpacity dd 043700000r ; 240.0
 00000111 BDCCCCCD		    deltaOpacity dd 0bdcccccdr ; -0.01
 00000115 00 00 00 00		    textColor sfColor <>
 00000119 00 00 00 00		    outlineColor sfColor <>
				    
				    ; 顏色常數
 0000011D E5 6D 32 FF		    titleColor sfColor <229, 109, 50, 255>
 00000121 FF FF FF FF		    whiteColor sfColor <255, 255, 255, 255>
 00000125 00 00 00 00		    blackColor sfColor <0, 0, 0, 0>
 00000129 FF 00 00 FF		    redOutlineColor sfColor <255, 0, 0, 255>

				    ; 位置常數
 0000012D 40800000		    four dd 4.0
 00000131 40000000		    two dd 2.0
 00000135 43480000		    const_200 dd 200.0
 00000000			.code
				;hello
 00000000			create_window PROC
 00000000  6A 00		    push 0
 00000002  6A 06		    push 6
 00000004  68 00000063 R	    push offset window_title
 00000009  83 EC 0C		    sub esp, 12
 0000000C  8B C4		    mov eax, esp
 0000000E  8B 0D 000000CD R	    mov ecx, window_videoMode._width
 00000014  89 08		    mov [eax], ecx
 00000016  8B 0D 000000D1 R	    mov ecx, window_videoMode.height
 0000001C  89 48 04		    mov [eax+4], ecx
 0000001F  8B 0D 000000D5 R	    mov ecx, window_videoMode.bpp
 00000025  89 48 08		    mov [eax+8], ecx
 00000028  E8 00000000 E	    call sfRenderWindow_create
 0000002D  83 C4 18		    add esp, 24
 00000030  A3 00000091 R	    mov window, eax
 00000035  C3			    ret
 00000036			create_window ENDP

				; 載入背景
 00000036			load_background PROC
				    ; 創建背景紋理
 00000036  6A 00		    push 0
 00000038  68 00000018 R	    push offset picPath
 0000003D  E8 00000000 E	    call sfTexture_createFromFile
 00000042  83 C4 08		    add esp, 8
 00000045  A3 00000095 R	    mov bgTexture, eax
				    
				    ; 創建背景精靈
 0000004A  E8 00000000 E	    call sfSprite_create
 0000004F  A3 00000099 R	    mov DWORD PTR [bgSprite], eax
				    
				    ; 設定紋理
 00000054  6A 01		    push 1
 00000056  A1 00000095 R	    mov eax, DWORD PTR [bgTexture]
 0000005B  50			    push eax
 0000005C  8B 0D 00000099 R	    mov ecx, DWORD PTR [bgSprite]
 00000062  51			    push ecx
 00000063  E8 00000000 E	    call sfSprite_setTexture
 00000068  83 C4 0C		    add esp, 12
 0000006B  C3			    ret
 0000006C			load_background ENDP

 0000006C			play_music PROC
 0000006C  68 00000000 R	    push offset musicPath
 00000071  E8 00000000 E	    call sfMusic_createFromFile
 00000076  83 C4 04		    add esp, 4 
 00000079  A3 0000009D R	    mov bgMusic, eax

 0000007E  50			    push eax
 0000007F  E8 00000000 E	    call sfMusic_play
 00000084  83 C4 04		    add esp, 4
 00000087  C3			    ret
 00000088			play_music ENDP

				; 設定標題文字
 00000088			setup_title_text PROC
				    ; Create font
 00000088  68 00000033 R	    push offset fontPath
 0000008D  E8 00000000 E	    call sfFont_createFromFile
 00000092  83 C4 04		    add esp, 4
 00000095  A3 000000A1 R	    mov font, eax
				    
				    ; Create text object
 0000009A  E8 00000000 E	    call sfText_create
 0000009F  A3 000000A5 R	    mov DWORD PTR [titleText], eax
				    
				    ; Set font
 000000A4  FF 35 000000A1 R	    push font
 000000AA  A1 000000A5 R	    mov eax, DWORD PTR [titleText]
 000000AF  50			    push eax
 000000B0  E8 00000000 E	    call sfText_setFont
 000000B5  83 C4 08		    add esp, 8
				    
				    ; Set string
 000000B8  68 00000063 R	    push offset window_title
 000000BD  A1 000000A5 R	    mov eax, DWORD PTR [titleText]
 000000C2  50			    push eax
 000000C3  E8 00000000 E	    call sfText_setString
 000000C8  83 C4 08		    add esp, 8
				    
				    ; Set character size
 000000CB  6A 38		    push 56
 000000CD  A1 000000A5 R	    mov eax, DWORD PTR [titleText]
 000000D2  50			    push eax
 000000D3  E8 00000000 E	    call sfText_setCharacterSize
 000000D8  83 C4 08		    add esp, 8
				    
				    ; Set fill color
 000000DB  FF 35 0000011D R	    push titleColor
 000000E1  A1 000000A5 R	    mov eax, DWORD PTR [titleText]
 000000E6  50			    push eax
 000000E7  E8 00000000 E	    call sfText_setFillColor
 000000EC  83 C4 08		    add esp, 8
				    
				    ; Set outline color
 000000EF  FF 35 00000121 R	    push whiteColor
 000000F5  A1 000000A5 R	    mov eax, DWORD PTR [titleText]
 000000FA  50			    push eax
 000000FB  E8 00000000 E	    call sfText_setOutlineColor
 00000100  83 C4 08		    add esp, 8
				    
				    ; Set outline thickness
 00000103  F3/ 0F 10 05		    movss xmm0, DWORD PTR [four]  ; Load 4.0 into xmm0
	   0000012D R
 0000010B  83 EC 04		    sub esp, 4
 0000010E  F3/ 0F 11 04 24	    movss DWORD PTR [esp], xmm0  ; Store xmm0 to memory

 00000113  FF 35 000000A5 R	    push DWORD PTR [titleText]

 00000119  E8 00000000 E	    call sfText_setOutlineThickness
 0000011E  83 C4 08		    add esp, 8
				    
				    ; Set position
 00000121  83 EC 10		    sub esp, 16
 00000124  8D 04 24		    lea eax, [esp]

 00000127  FF 35 000000A5 R	    push DWORD PTR [titleText]
 0000012D  50			    push eax
 0000012E  E8 00000000 E	    call sfText_getLocalBounds
 00000133  83 C4 08		    add esp, 8

 00000136  8B 10		    mov edx, DWORD PTR [eax]
 00000138  89 15 000000AD R	    mov DWORD PTR [titleBounds.left], edx
 0000013E  8B 48 04		    mov ecx, DWORD PTR [eax+4]
 00000141  89 0D 000000B1 R	    mov DWORD PTR [titleBounds.top], ecx
 00000147  8B 50 08		    mov edx, DWORD PTR [eax+8]
 0000014A  89 15 000000B5 R	    mov DWORD PTR [titleBounds._width], edx
 00000150  8B 40 0C		    mov eax, DWORD PTR [eax+12]
 00000153  A3 000000B9 R	    mov DWORD PTR [titleBounds.height], eax

 00000158  83 C4 10		    add esp, 16
				    
				    ; Adjust position
 0000015B  F3/ 0F 10 05		    movss xmm0, DWORD PTR [window_realWidth]
	   000000D9 R
 00000163  F3/ 0F 5C 05		    subss xmm0, DWORD PTR [titleBounds._width]
	   000000B5 R
 0000016B  F3/ 0F 10 0D		    movss xmm1, DWORD PTR [two]
	   00000131 R
 00000173  F3/ 0F 5E C1		    divss xmm0, xmm1
 00000177  F3/ 0F 11 44 24	    movss DWORD PTR [esp-8], xmm0
	   F8
				    
 0000017D  F3/ 0F 10 05		    movss xmm0, DWORD PTR [const_200]
	   00000135 R
 00000185  F3/ 0F 11 44 24	    movss DWORD PTR [esp-4], xmm0
	   FC

 0000018B  8B F4		    mov esi, esp

 0000018D  FF 76 FC		    push DWORD PTR [esi-4] ; y (200.0)
 00000190  FF 76 F8		    push DWORD PTR [esi-8] ; x (centered)
 00000193  FF 35 000000A5 R	    push DWORD PTR [titleText]
 00000199  E8 00000000 E	    call sfText_setPosition
 0000019E  83 C4 0C		    add esp, 12

 000001A1  C3			    ret
 000001A2			setup_title_text ENDP

				; 設定提示文字
 000001A2			setup_prompt_text PROC
					; Create text object
 000001A2  E8 00000000 E		call sfText_create
 000001A7  A3 000000A9 R		mov DWORD PTR [promptText], eax
					
					; Set font
 000001AC  FF 35 000000A1 R		push font
 000001B2  A1 000000A9 R		mov eax, DWORD PTR [promptText]
 000001B7  50				push eax
 000001B8  E8 00000000 E		call sfText_setFont
 000001BD  83 C4 08			add esp, 8
					
					; Set string
 000001C0  68 00000073 R		push offset prompt_string
 000001C5  A1 000000A9 R		mov eax, DWORD PTR [promptText]
 000001CA  50				push eax
 000001CB  E8 00000000 E		call sfText_setString
 000001D0  83 C4 08			add esp, 8
					
					; Set character size
 000001D3  6A 2D			push 45
 000001D5  A1 000000A9 R		mov eax, DWORD PTR [promptText]
 000001DA  50				push eax
 000001DB  E8 00000000 E		call sfText_setCharacterSize
 000001E0  83 C4 08			add esp, 8
					
					; Set fill color
 000001E3  FF 35 00000121 R		push whiteColor
 000001E9  A1 000000A9 R		mov eax, DWORD PTR [promptText]
 000001EE  50				push eax
 000001EF  E8 00000000 E		call sfText_setFillColor
 000001F4  83 C4 08			add esp, 8

				    ; Set outline color
 000001F7  FF 35 00000129 R	    push redOutlineColor
 000001FD  FF 35 000000A9 R	    push DWORD PTR [promptText]
 00000203  E8 00000000 E	    call sfText_setOutlineColor
 00000208  83 C4 08		    add esp, 8

				    ; Set outline thickness
 0000020B  F3/ 0F 10 05		    movss xmm0, DWORD PTR [two]
	   00000131 R
 00000213  83 EC 04		    sub esp, 4
 00000216  F3/ 0F 11 04 24	    movss DWORD PTR [esp], xmm0

 0000021B  FF 35 000000A9 R	    push DWORD PTR [promptText]
 00000221  E8 00000000 E	    call sfText_setOutlineThickness
 00000226  83 C4 08		    add esp, 8
					
				    ; Set position
 00000229  83 EC 10		    sub esp, 16
 0000022C  8D 04 24		    lea eax, [esp]

 0000022F  FF 35 000000A9 R	    push DWORD PTR [promptText]
 00000235  50			    push eax
 00000236  E8 00000000 E	    call sfText_getLocalBounds
 0000023B  83 C4 08		    add esp, 8

 0000023E  8B 10		    mov edx, DWORD PTR [eax]
 00000240  89 15 000000BD R	    mov DWORD PTR [textBounds.left], edx
 00000246  8B 48 04		    mov ecx, DWORD PTR [eax+4]
 00000249  89 0D 000000C1 R	    mov DWORD PTR [textBounds.top], ecx
 0000024F  8B 50 08		    mov edx, DWORD PTR [eax+8]
 00000252  89 15 000000C5 R	    mov DWORD PTR [textBounds._width], edx
 00000258  8B 40 0C		    mov eax, DWORD PTR [eax+12]
 0000025B  A3 000000C9 R	    mov DWORD PTR [textBounds.height], eax

 00000260  83 C4 10		    add esp, 16

					; Adjust position
 00000263  F3/ 0F 10 05			movss xmm0, DWORD PTR [window_realWidth]
	   000000D9 R
 0000026B  F3/ 0F 5C 05			subss xmm0, DWORD PTR [textBounds._width]
	   000000C5 R
 00000273  F3/ 0F 10 0D			movss xmm1, DWORD PTR [two]
	   00000131 R
 0000027B  F3/ 0F 5E C1			divss xmm0, xmm1
 0000027F  F3/ 0F 11 44 24		movss DWORD PTR [esp-8], xmm0
	   F8
					
 00000285  F3/ 0F 10 05			movss xmm0, DWORD PTR [const_200]
	   00000135 R
 0000028D  F3/ 0F 59 05		    mulss xmm0, DWORD PTR [two]
	   00000131 R
 00000295  F3/ 0F 11 44 24		movss DWORD PTR [esp-4], xmm0
	   FC

 0000029B  8B F4			mov esi, esp

 0000029D  FF 76 FC			push DWORD PTR [esi-4] ; y (400.0)
 000002A0  FF 76 F8			push DWORD PTR [esi-8] ; x (centered)
 000002A3  FF 35 000000A9 R		push DWORD PTR [promptText]
 000002A9  E8 00000000 E		call sfText_setPosition
 000002AE  83 C4 0C			add esp, 12

 000002B1  C3				ret
 000002B2			setup_prompt_text ENDP

 000002B2			update_text_opacity PROC
				    ; 載入當前透明度
 000002B2  D9 05 00000105 R	    fld dword ptr [opacity]
 000002B8  D8 05 00000111 R	    fadd dword ptr [deltaOpacity]
 000002BE  D9 1D 00000105 R	    fstp dword ptr [opacity]
				    
				    ; 檢查透明度邊界
 000002C4  D9 05 00000109 R	    fld dword ptr [minOpacity]
 000002CA  D9 05 00000105 R	    fld dword ptr [opacity]
 000002D0  DF F1		    fcomip st(0), st(1)
 000002D2  DD D8		    fstp st(0)
 000002D4  0F 82 00000085	    jb reverse_opacity
				    
 000002DA  D9 05 0000010D R	    fld dword ptr [maxOpacity]
 000002E0  D9 05 00000105 R	    fld dword ptr [opacity]
 000002E6  DF F1		    fcomip st(0), st(1)
 000002E8  DD D8		    fstp st(0)
 000002EA  77 73		    ja reverse_opacity

 000002EC			continue_opacity:
				    ; 更新填充顏色透明度
 000002EC  F3/ 0F 2C 05		    cvttss2si eax, DWORD PTR [opacity] ; Floating-Point Value to Integer
	   00000105 R
 000002F4  0F B6 C8		    movzx ecx, al
 000002F7  51			    push ecx
 000002F8  68 000000FF		    push 255
 000002FD  68 000000FF		    push 255
 00000302  68 000000FF		    push 255
 00000307  E8 00000000 E	    call sfColor_fromRGBA
 0000030C  83 C4 10		    add esp, 16
 0000030F  A3 00000115 R	    mov DWORD PTR [textColor], eax

				    ; 更新輪廓顏色透明度
 00000314  F3/ 0F 2C 05		    cvttss2si eax, DWORD PTR [opacity] ; Floating-Point Value to Integer
	   00000105 R
 0000031C  0F B6 C8		    movzx ecx, al
 0000031F  51			    push ecx
 00000320  6A 00		    push 0
 00000322  6A 00		    push 0
 00000324  68 000000FF		    push 255
 00000329  E8 00000000 E	    call sfColor_fromRGBA
 0000032E  83 C4 10		    add esp, 16
 00000331  A3 00000119 R	    mov DWORD PTR [outlineColor], eax
				    
				    ; 設定透明顏色
 00000336  FF 35 00000115 R	    push textColor
 0000033C  FF 35 000000A9 R	    push DWORD PTR [promptText]
 00000342  E8 00000000 E	    call sfText_setFillColor
 00000347  83 C4 08		    add esp, 8
				    
 0000034A  FF 35 00000119 R	    push outlineColor
 00000350  FF 35 000000A9 R	    push DWORD PTR [promptText]
 00000356  E8 00000000 E	    call sfText_setOutlineColor
 0000035B  83 C4 08		    add esp, 8
				    
 0000035E  C3			    ret

 0000035F			reverse_opacity:
				    ; 反轉透明度變化方向
 0000035F  D9 05 00000111 R	    fld dword ptr [deltaOpacity]
 00000365  D9 E0		    fchs
 00000367  D9 1D 00000111 R	    fstp dword ptr [deltaOpacity]
 0000036D  E9 FFFFFF7A		    jmp continue_opacity
 00000372			update_text_opacity ENDP

 00000372			main PROC
				    ; 創建視窗
 00000372  E8 FFFFFC89		    call create_window
 00000377  85 C0		    test eax, eax
 00000379  0F 84 000000D1	    jz exit_program
				    
				   ; 載入背景
 0000037F  E8 FFFFFCB2		    call load_background
 00000384  85 C0		    test eax, eax
 00000386  0F 84 000000C4	    jz exit_program
				    
				    ; 播放音樂
 0000038C  E8 FFFFFCDB		    call play_music
				    
				    ; 設定標題文字
 00000391  E8 FFFFFCF2		    call setup_title_text
				    
				    ; 設定提示文字
 00000396  E8 FFFFFE07		    call setup_prompt_text

 0000039B			main_loop:
				    ; 更新透明度
 0000039B  E8 FFFFFF12		    call update_text_opacity
 000003A0  6A 00		    push 0
 000003A2  A1 000000A9 R	    mov eax, DWORD PTR [promptText]
 000003A7  50			    push eax
 000003A8  8B 0D 00000091 R	    mov ecx, DWORD PTR [window]
 000003AE  51			    push ecx
 000003AF  E8 00000000 E	    call sfRenderWindow_drawText
 000003B4  83 C4 0C		    add esp, 12

				    ; 清除視窗
 000003B7  FF 35 00000125 R	    push blackColor
 000003BD  FF 35 00000091 R	    push window
 000003C3  E8 00000000 E	    call sfRenderWindow_clear
 000003C8  83 C4 08		    add esp, 8
				    
				    ; 繪製背景
 000003CB  6A 00		    push 0
 000003CD  A1 00000099 R	    mov eax, DWORD PTR [bgSprite]
 000003D2  50			    push eax
 000003D3  8B 0D 00000091 R	    mov ecx, DWORD PTR [window]
 000003D9  51			    push ecx
 000003DA  E8 00000000 E	    call sfRenderWindow_drawSprite
 000003DF  83 C4 0C		    add esp, 12

				    ; 繪製標題文字
 000003E2  6A 00		    push 0
 000003E4  A1 000000A5 R	    mov eax, DWORD PTR [titleText]
 000003E9  50			    push eax
 000003EA  8B 0D 00000091 R	    mov ecx, DWORD PTR [window]
 000003F0  51			    push ecx
 000003F1  E8 00000000 E	    call sfRenderWindow_drawText
 000003F6  83 C4 0C		    add esp, 12

				    ; 繪製提示文字
 000003F9  6A 00		    push 0
 000003FB  FF 35 000000A9 R	    push DWORD PTR [promptText]
 00000401  FF 35 00000091 R	    push DWORD PTR [window]
 00000407  E8 00000000 E	    call sfRenderWindow_drawText
 0000040C  83 C4 0C		    add esp, 12

				    ; 顯示視窗
 0000040F  A1 00000091 R	    mov eax, DWORD PTR [window]
 00000414  50			    push eax
 00000415  E8 00000000 E	    call sfRenderWindow_display
 0000041A  83 C4 04		    add esp, 4

				    ; 事件處理
 0000041D  8D 35 000000DD R	    lea esi, event
 00000423  56			    push esi
 00000424  FF 35 00000091 R	    push window
 0000042A  E8 00000000 E	    call sfRenderWindow_pollEvent
 0000042F  85 C0		    test eax, eax
 00000431  0F 84 FFFFFF64	    jz main_loop
				    
				    ; 檢查關閉事件
 00000437  83 3E 00		    cmp dword ptr [esi].sfEvent._type, sfEvtClosed
 0000043A  74 14		    je exit_program
				    
				    ; 檢查滑鼠點擊
 0000043C  83 3E 08		    cmp dword ptr [esi].sfEvent._type, sfEvtMouseButtonPressed
 0000043F  74 0A		    je start_game
				    
				    ; 檢查鍵盤事件
 00000441  83 3E 05		    cmp dword ptr [esi].sfEvent._type, sfEvtKeyPressed
 00000444  74 05		    je start_game
				    
 00000446  E9 FFFFFF50		    jmp main_loop

 0000044B			start_game:
				    ; 這裡可以添加進入音樂選擇頁面的邏輯

 0000044B  E9 FFFFFF4B		    jmp main_loop

 00000450			exit_program:
				    ; 釋放資源
 00000450  FF 35 00000091 R	    push window
 00000456  E8 00000000 E	    call sfRenderWindow_destroy
 0000045B  83 C4 04		    add esp, 4

 0000045E  FF 35 0000009D R	    push bgMusic
 00000464  E8 00000000 E	    call sfMusic_destroy

 00000469  FF 35 00000099 R	    push bgSprite
 0000046F  E8 00000000 E	    call sfSprite_destroy
 00000474  83 C4 04		    add esp, 4

 00000477  FF 35 00000095 R	    push bgTexture
 0000047D  E8 00000000 E	    call sfTexture_destroy
 00000482  83 C4 04		    add esp, 4

 00000485  FF 35 000000A5 R	    push titleText
 0000048B  E8 00000000 E	    call sfText_destroy
 00000490  83 C4 04		    add esp, 4

 00000493  FF 35 000000A9 R	    push promptText
 00000499  E8 00000000 E	    call sfText_destroy
 0000049E  83 C4 04		    add esp, 4

 000004A1  FF 35 000000A1 R	    push font
 000004A7  E8 00000000 E	    call sfFont_destroy
 000004AC  83 C4 04		    add esp, 4

 000004AF			main ENDP

				END main
Microsoft (R) Macro Assembler Version 14.41.34120.0	    12/10/24 00:47:16
main.asm						     Symbols 2 - 1




Structures and Unions:

                N a m e                  Size
                                         Offset      Type

key  . . . . . . . . . . . . . .	 00000014
  code . . . . . . . . . . . . .	 00000000	 DWord
  alt  . . . . . . . . . . . . .	 00000004	 DWord
  control  . . . . . . . . . . .	 00000008	 DWord
  shift  . . . . . . . . . . . .	 0000000C	 DWord
  system . . . . . . . . . . . .	 00000010	 DWord
mouseButton  . . . . . . . . . .	 0000000C
  button . . . . . . . . . . . .	 00000000	 DWord
  x  . . . . . . . . . . . . . .	 00000004	 DWord
  y  . . . . . . . . . . . . . .	 00000008	 DWord
sfColor  . . . . . . . . . . . .	 00000004
  r  . . . . . . . . . . . . . .	 00000000	 Byte
  g  . . . . . . . . . . . . . .	 00000001	 Byte
  b  . . . . . . . . . . . . . .	 00000002	 Byte
  a  . . . . . . . . . . . . . .	 00000003	 Byte
sfEvent  . . . . . . . . . . . .	 00000028
  _type  . . . . . . . . . . . .	 00000000	 DWord
  _size  . . . . . . . . . . . .	 00000004	 DWord
  mouse  . . . . . . . . . . . .	 00000008	 
  _key . . . . . . . . . . . . .	 00000014	 
sfFloatRect  . . . . . . . . . .	 00000010
  left . . . . . . . . . . . . .	 00000000	 DWord
  top  . . . . . . . . . . . . .	 00000004	 DWord
  _width . . . . . . . . . . . .	 00000008	 DWord
  height . . . . . . . . . . . .	 0000000C	 DWord
sfVector2f . . . . . . . . . . .	 00000008
  x  . . . . . . . . . . . . . .	 00000000	 DWord
  y  . . . . . . . . . . . . . .	 00000004	 DWord
sfVector2i . . . . . . . . . . .	 00000008
  x  . . . . . . . . . . . . . .	 00000000	 DWord
  y  . . . . . . . . . . . . . .	 00000004	 DWord
sfVideoMode  . . . . . . . . . .	 0000000C
  _width . . . . . . . . . . . .	 00000000	 DWord
  height . . . . . . . . . . . .	 00000004	 DWord
  bpp  . . . . . . . . . . . . .	 00000008	 DWord


Segments and Groups:

                N a m e                 Size     Length   Align   Combine Class

FLAT . . . . . . . . . . . . . .	GROUP
_DATA  . . . . . . . . . . . . .	32 Bit	 00000139 Para	  Public  'DATA'	
_TEXT  . . . . . . . . . . . . .	32 Bit	 000004AF Para	  Public  'CODE'	


Procedures, parameters, and locals:

                N a m e                 Type     Value    Attr

create_window  . . . . . . . . .	P Near	 00000000 _TEXT	Length= 00000036 Public C
load_background  . . . . . . . .	P Near	 00000036 _TEXT	Length= 00000036 Public C
main . . . . . . . . . . . . . .	P Near	 00000372 _TEXT	Length= 0000013D Public C
  main_loop  . . . . . . . . . .	L Near	 0000039B _TEXT	
  start_game . . . . . . . . . .	L Near	 0000044B _TEXT	
  exit_program . . . . . . . . .	L Near	 00000450 _TEXT	
play_music . . . . . . . . . . .	P Near	 0000006C _TEXT	Length= 0000001C Public C
setup_prompt_text  . . . . . . .	P Near	 000001A2 _TEXT	Length= 00000110 Public C
setup_title_text . . . . . . . .	P Near	 00000088 _TEXT	Length= 0000011A Public C
update_text_opacity  . . . . . .	P Near	 000002B2 _TEXT	Length= 000000C0 Public C
  continue_opacity . . . . . . .	L Near	 000002EC _TEXT	
  reverse_opacity  . . . . . . .	L Near	 0000035F _TEXT	


Symbols:

                N a m e                 Type     Value    Attr

@CodeSize  . . . . . . . . . . .	Number	 00000000h   
@DataSize  . . . . . . . . . . .	Number	 00000000h   
@Interface . . . . . . . . . . .	Number	 00000001h   
@Model . . . . . . . . . . . . .	Number	 00000007h   
@code  . . . . . . . . . . . . .	Text   	 _TEXT
@data  . . . . . . . . . . . . .	Text   	 FLAT
@fardata?  . . . . . . . . . . .	Text   	 FLAT
@fardata . . . . . . . . . . . .	Text   	 FLAT
@stack . . . . . . . . . . . . .	Text   	 FLAT
bgMusic  . . . . . . . . . . . .	DWord	 0000009D _DATA	
bgSprite . . . . . . . . . . . .	DWord	 00000099 _DATA	
bgTexture  . . . . . . . . . . .	DWord	 00000095 _DATA	
blackColor . . . . . . . . . . .	sfColor	 00000125 _DATA	
const_200  . . . . . . . . . . .	DWord	 00000135 _DATA	
deltaOpacity . . . . . . . . . .	DWord	 00000111 _DATA	
event  . . . . . . . . . . . . .	sfEvent	 000000DD _DATA	
fontPath . . . . . . . . . . . .	Byte	 00000033 _DATA	
font . . . . . . . . . . . . . .	DWord	 000000A1 _DATA	
four . . . . . . . . . . . . . .	DWord	 0000012D _DATA	
maxOpacity . . . . . . . . . . .	DWord	 0000010D _DATA	
minOpacity . . . . . . . . . . .	DWord	 00000109 _DATA	
musicPath  . . . . . . . . . . .	Byte	 00000000 _DATA	
opacity  . . . . . . . . . . . .	DWord	 00000105 _DATA	
outlineColor . . . . . . . . . .	sfColor	 00000119 _DATA	
picPath  . . . . . . . . . . . .	Byte	 00000018 _DATA	
promptText . . . . . . . . . . .	DWord	 000000A9 _DATA	
prompt_string  . . . . . . . . .	Byte	 00000073 _DATA	
redOutlineColor  . . . . . . . .	sfColor	 00000129 _DATA	
sfClose  . . . . . . . . . . . .	Number	 00000004h   
sfColor_fromRGBA . . . . . . . .	L Near	 00000000 FLAT	External C
sfColor_fromRGB  . . . . . . . .	L Near	 00000000 FLAT	External C
sfEvtClosed  . . . . . . . . . .	Number	 00000000h   
sfEvtGainedFocus . . . . . . . .	Number	 00000003h   
sfEvtKeyPressed  . . . . . . . .	Number	 00000005h   
sfEvtKeyReleased . . . . . . . .	Number	 00000006h   
sfEvtLostFocus . . . . . . . . .	Number	 00000002h   
sfEvtMouseButtonPressed  . . . .	Number	 00000008h   
sfEvtMouseButtonReleased . . . .	Number	 00000009h   
sfEvtMouseEntered  . . . . . . .	Number	 0000000Bh   
sfEvtMouseLeft . . . . . . . . .	Number	 0000000Ch   
sfEvtMouseMoved  . . . . . . . .	Number	 0000000Ah   
sfEvtMouseWheelMoved . . . . . .	Number	 00000007h   
sfEvtResized . . . . . . . . . .	Number	 00000001h   
sfEvtTextEntered . . . . . . . .	Number	 00000004h   
sfFalse  . . . . . . . . . . . .	Number	 00000000h   
sfFont_createFromFile  . . . . .	L Near	 00000000 FLAT	External C
sfFont_destroy . . . . . . . . .	L Near	 00000000 FLAT	External C
sfFullscreen . . . . . . . . . .	Number	 00000008h   
sfKeyEnter . . . . . . . . . . .	Number	 00000024h   
sfMouseLeft  . . . . . . . . . .	Number	 00000000h   
sfMouseMiddle  . . . . . . . . .	Number	 00000002h   
sfMouseRight . . . . . . . . . .	Number	 00000001h   
sfMusic_createFromFile . . . . .	L Near	 00000000 FLAT	External C
sfMusic_destroy  . . . . . . . .	L Near	 00000000 FLAT	External C
sfMusic_play . . . . . . . . . .	L Near	 00000000 FLAT	External C
sfMusic_setLoop  . . . . . . . .	L Near	 00000000 FLAT	External C
sfNone . . . . . . . . . . . . .	Number	 00000000h   
sfRenderWindow_clear . . . . . .	L Near	 00000000 FLAT	External C
sfRenderWindow_close . . . . . .	L Near	 00000000 FLAT	External C
sfRenderWindow_create  . . . . .	L Near	 00000000 FLAT	External C
sfRenderWindow_destroy . . . . .	L Near	 00000000 FLAT	External C
sfRenderWindow_display . . . . .	L Near	 00000000 FLAT	External C
sfRenderWindow_drawSprite  . . .	L Near	 00000000 FLAT	External C
sfRenderWindow_drawText  . . . .	L Near	 00000000 FLAT	External C
sfRenderWindow_isOpen  . . . . .	L Near	 00000000 FLAT	External C
sfRenderWindow_pollEvent . . . .	L Near	 00000000 FLAT	External C
sfResize . . . . . . . . . . . .	Number	 00000002h   
sfSprite_create  . . . . . . . .	L Near	 00000000 FLAT	External C
sfSprite_destroy . . . . . . . .	L Near	 00000000 FLAT	External C
sfSprite_setTexture  . . . . . .	L Near	 00000000 FLAT	External C
sfText_create  . . . . . . . . .	L Near	 00000000 FLAT	External C
sfText_destroy . . . . . . . . .	L Near	 00000000 FLAT	External C
sfText_getGlobalBounds . . . . .	L Near	 00000000 FLAT	External C
sfText_getLocalBounds  . . . . .	L Near	 00000000 FLAT	External C
sfText_setCharacterSize  . . . .	L Near	 00000000 FLAT	External C
sfText_setFillColor  . . . . . .	L Near	 00000000 FLAT	External C
sfText_setFont . . . . . . . . .	L Near	 00000000 FLAT	External C
sfText_setOutlineColor . . . . .	L Near	 00000000 FLAT	External C
sfText_setOutlineThickness . . .	L Near	 00000000 FLAT	External C
sfText_setPosition . . . . . . .	L Near	 00000000 FLAT	External C
sfText_setString . . . . . . . .	L Near	 00000000 FLAT	External C
sfTexture_createFromFile . . . .	L Near	 00000000 FLAT	External C
sfTexture_destroy  . . . . . . .	L Near	 00000000 FLAT	External C
sfTitlebar . . . . . . . . . . .	Number	 00000001h   
sfTrue . . . . . . . . . . . . .	Number	 00000001h   
textBounds . . . . . . . . . . .	sfFloatRect  000000BD _DATA	
textColor  . . . . . . . . . . .	sfColor	 00000115 _DATA	
titleBounds  . . . . . . . . . .	sfFloatRect  000000AD _DATA	
titleColor . . . . . . . . . . .	sfColor	 0000011D _DATA	
titleText  . . . . . . . . . . .	DWord	 000000A5 _DATA	
two  . . . . . . . . . . . . . .	DWord	 00000131 _DATA	
whiteColor . . . . . . . . . . .	sfColor	 00000121 _DATA	
window_realWidth . . . . . . . .	DWord	 000000D9 _DATA	
window_title . . . . . . . . . .	Byte	 00000063 _DATA	
window_videoMode . . . . . . . .	sfVideoMode  000000CD _DATA	
window . . . . . . . . . . . . .	DWord	 00000091 _DATA	

	   0 Warnings
	   0 Errors
