Microsoft (R) Macro Assembler Version 14.42.34435.0	    12/18/24 22:32:29
main_game_page.asm					     Page 1 - 1


				.model flat, c
				include csfml.inc
			      C ; CSFML.INC - SFML Definitions for x86 Assembly
			      C ; 使用 MASM 語法
			      C 
			      C includelib csfml-audio.lib
			      C includelib csfml-graphics.lib
			      C includelib csfml-system.lib
			      C includelib csfml-window.lib
			      C 
			      C ; sfBool 定義
 = 00000000		      C sfFalse     equ 0
 = 00000001		      C sfTrue      equ 1
			      C 
			      C ; sfEventType 定義
 = 00000000		      C sfEvtClosed               equ 0
 = 00000001		      C sfEvtResized              equ 1
 = 00000002		      C sfEvtLostFocus            equ 2
 = 00000003		      C sfEvtGainedFocus          equ 3
 = 00000004		      C sfEvtTextEntered          equ 4
 = 00000005		      C sfEvtKeyPressed           equ 5
 = 00000006		      C sfEvtKeyReleased          equ 6
 = 00000007		      C sfEvtMouseWheelMoved      equ 7
 = 00000008		      C sfEvtMouseWheelScrolled   equ 8
 = 00000009		      C sfEvtMouseButtonPressed   equ 9
 = 0000000A		      C sfEvtMouseButtonReleased  equ 10
 = 0000000B		      C sfEvtMouseMoved           equ 11
 = 0000000C		      C sfEvtMouseEntered         equ 12
 = 0000000D		      C sfEvtMouseLeft            equ 13
			      C 
			      C ; sfMouseButton 定義
 = 00000000		      C sfMouseLeft   equ 0
 = 00000001		      C sfMouseRight  equ 1
 = 00000002		      C sfMouseMiddle equ 2
			      C 
			      C ; sfKey 定義
 = 0000003A		      C sfKeyEnter    equ 58
 = 00000000		      C sfKeyA        equ 0
 = 00000012		      C sfKeyS        equ 18
 = 00000003		      C sfKeyD        equ 3
 = 00000024		      C sfKeyEscape   equ 36
			      C 
			      C ; 視窗風格定義
 = 00000000		      C sfNone       equ 0
 = 00000001		      C sfTitlebar   equ 1
 = 00000002		      C sfResize     equ 2
 = 00000004		      C sfClose      equ 4
 = 00000008		      C sfFullscreen equ 8
			      C 
			      C ; 結構體定義
 00000008		      C sfVector2f STRUCT
 00000000  00000000	      C     x REAL4 ?
 00000004  00000000	      C     y REAL4 ?
			      C sfVector2f ENDS
			      C 
 00000008		      C sfVector2i STRUCT
 00000000  00000000	      C     x SDWORD ?
 00000004  00000000	      C     y SDWORD ?
			      C sfVector2i ENDS
			      C 
 0000000C		      C sfVideoMode STRUCT
 00000000  00000000	      C     _width  DWORD ?
 00000004  00000000	      C     height DWORD ?
 00000008  00000000	      C     bpp    DWORD ?
			      C sfVideoMode ENDS
			      C 
 00000004		      C sfColor STRUCT
 00000000  00		      C     r BYTE ?
 00000001  00		      C     g BYTE ?
 00000002  00		      C     b BYTE ?
 00000003  00		      C     a BYTE ?
			      C sfColor ENDS
			      C 
 00000010		      C sfFloatRect STRUCT
 00000000  00000000	      C     left   REAL4 ?
 00000004  00000000	      C     top    REAL4 ?
 00000008  00000000	      C     _width  REAL4 ?
 0000000C  00000000	      C     height REAL4 ?
			      C sfFloatRect ENDS
			      C 
 0000000C		      C mouseButton STRUCT
 00000000  00000000	      C     button DWORD ?
 00000004  00000000	      C     x DWORD ?
 00000008  00000000	      C     y DWORD ?
			      C mouseButton ENDS
			      C 
 00000014		      C key STRUCT
 00000000  00000000	      C     code DWORD ?
 00000004  00000000	      C     alt DWORD ?
 00000008  00000000	      C     control DWORD ?
 0000000C  00000000	      C     shift DWORD ?
 00000010  00000000	      C     system DWORD ?
			      C key ENDS
			      C 
 00000030		      C sfEvent STRUCT
 00000000  00000000	      C     _type DWORD ?                
 00000004  00000000	      C     _size DWORD ?                
 00000008  00000000	      C     mouse mouseButton <>       
	   00000000
	   00000000
 00000014  00000000	      C     _key key <>                 
	   00000000
	   00000000
	   00000000
	   00000000
 00000028  00000000	      C     mouseMove sfVector2i <>     
	   00000000
			      C sfEvent ENDS
			      C 
			      C ; 函數原型 - 視窗相關
			      C EXTERN sfRenderWindow_create:PROC
			      C EXTERN sfRenderWindow_destroy:PROC
			      C EXTERN sfRenderWindow_close:PROC
			      C EXTERN sfRenderWindow_isOpen:PROC
			      C EXTERN sfRenderWindow_clear:PROC
			      C EXTERN sfRenderWindow_display:PROC
			      C EXTERN sfRenderWindow_pollEvent:PROC
			      C EXTERN sfRenderWindow_drawSprite:PROC
			      C EXTERN sfRenderWindow_drawText:PROC
			      C 
			      C ; 函數原型 - 紋理相關
			      C EXTERN sfTexture_createFromFile:PROC
			      C EXTERN sfTexture_destroy:PROC
			      C 
			      C ; 函數原型 - 精靈相關
			      C EXTERN sfSprite_create:PROC
			      C EXTERN sfSprite_destroy:PROC
			      C EXTERN sfSprite_setTexture:PROC
			      C EXTERN sfSprite_setPosition:PROC
			      C EXTERN sfSprite_setOrigin:PROC
			      C EXTERN sfSprite_move:PROC
			      C 
			      C ; 函數原型 - 音樂相關
			      C EXTERN sfMusic_createFromFile:PROC
			      C EXTERN sfMusic_destroy:PROC
			      C EXTERN sfMusic_play:PROC
			      C EXTERN sfMusic_setLoop:PROC
			      C EXTERN sfMusic_stop: PROC
			      C EXTERN sfMusic_getStatus: PROC
			      C 
			      C ; 函數原型 - 文字相關
			      C EXTERN sfFont_createFromFile:PROC
			      C EXTERN sfFont_destroy:PROC
			      C EXTERN sfText_create:PROC
			      C EXTERN sfText_destroy:PROC
			      C EXTERN sfText_setFont:PROC
			      C EXTERN sfText_setString:PROC
			      C EXTERN sfText_setCharacterSize:PROC
			      C EXTERN sfText_setFillColor:PROC
			      C EXTERN sfText_setOutlineColor:PROC
			      C EXTERN sfText_setOutlineThickness:PROC
			      C EXTERN sfText_getLocalBounds:PROC
			      C EXTERN sfText_getGlobalBounds:PROC
			      C EXTERN sfText_setPosition:PROC
			      C 
			      C ; 函數原型 - 顏色相關
			      C EXTERN sfColor_fromRGB:PROC
			      C EXTERN sfColor_fromRGBA:PROC
			      C 
			      C ; 函數原型 - 矩形相關
			      C EXTERN sfRectangleShape_create: PROC
			      C EXTERN sfRectangleShape_setPosition: PROC
			      C EXTERN sfRectangleShape_setSize: PROC
			      C EXTERN sfRectangleShape_setFillColor: PROC
			      C EXTERN sfRectangleShape_setOutlineThickness: PROC
			      C EXTERN sfRenderWindow_drawRectangleShape: PROC
			      C EXTERN sfRectangleShape_destroy: PROC
			      C EXTERN sfRectangleShape_setOutlineColor: PROC
			      C 
			      C EXTERN sfSleep: PROC
			      C 
			      C EXTERN sfClock_create:PROC
			      C EXTERN sfClock_getElapsedTime:PROC
			      C EXTERN sfClock_restart:PROC
			      C EXTERN sfClock_destroy:PROC
			      C 

				extern currentPage: DWORD

 00000000			.data
				    ; 檔案路徑
 00000000 61 73 73 65 74	    bg_path db "assets/main/bg_genre_2.png", 0
	   73 2F 6D 61 69
	   6E 2F 62 67 5F
	   67 65 6E 72 65
	   5F 32 2E 70 6E
	   67 00
 0000001B 61 73 73 65 74	    red_note_path db "assets/main/red_note.png", 0
	   73 2F 6D 61 69
	   6E 2F 72 65 64
	   5F 6E 6F 74 65
	   2E 70 6E 67 00
 00000034 61 73 73 65 74	    blue_note_path db "assets/main/blue_note.png", 0
	   73 2F 6D 61 69
	   6E 2F 62 6C 75
	   65 5F 6E 6F 74
	   65 2E 70 6E 67
	   00

 0000004E 61 73 73 65 74	    selected_music_path db "assets/main/song1.ogg", 0
	   73 2F 6D 61 69
	   6E 2F 73 6F 6E
	   67 31 2E 6F 67
	   67 00
 00000064 61 73 73 65 74	    selected_beatmap_path db "assets/main/song1.tja", 0
	   73 2F 6D 61 69
	   6E 2F 73 6F 6E
	   67 31 2E 74 6A
	   61 00

				    ; CSFML 物件
 0000007A 00000000		    bgTexture dd 0
 0000007E 00000000		    bgSprite dd 0
 00000082 00000000		    redNoteTexture dd 0
 00000086 00000000		    blueNoteTexture dd 0
 0000008A  00000100 [		    noteSprites dd 256 DUP(0) ; 最多支援 256 個音符精靈
	    00000000
	   ]
 0000048A 00000000		    noteCount dd 0            ; 當前音符數量
 0000048E 00000000		    bgmusic dd 0

				    ; 計時器
 00000492 00000000		    clock dd 0
 00000496 00000000		    note_timer REAL4 0.0       ; 音符生成計時器
 0000049A 41200000		    note_interval REAL4 10.0    ; 每 1 秒生成一個音符

				    ; 視窗設定
 0000049E 00000500		    window_videoMode sfVideoMode <1280, 720, 32>
	   000002D0
	   00000020
 000004AA 54 61 69 6B 6F	    windowTitle db "Taiko Simulator", 0
	   20 53 69 6D 75
	   6C 61 74 6F 72
	   00
 000004BA BD4CCCCD		    scrollSpeed REAL4 -0.05      ; 音符滾動速度 (向左移動)

				    ; 顏色常數
 000004BE FF FF FF FF		    whiteColor sfColor <255, 255, 255, 255> ; 白色
 000004C2 00 00 00 FF		    blackColor sfColor <0, 0, 0, 255>       ; 黑色

 000004C6 44960000		    notePosition sfVector2f <1200.0, 200.0>  ; 音符的 X 和 Y 座標
	   43480000
 000004CE BDCCCCCD		    movePosition sfVector2f <-0.1, 0.0>
	   00000000

 00000000			.code
 00000000			game_play_music PROC
 00000000  68 0000004E R	    push offset selected_music_path
 00000005  E8 00000000 E	    call sfMusic_createFromFile
 0000000A  83 C4 04		    add esp, 4 
 0000000D  A3 0000048E R	    mov bgMusic, eax

 00000012  50			    push eax
 00000013  E8 00000000 E	    call sfMusic_play
 00000018  83 C4 04		    add esp, 4
 0000001B  C3			    ret
 0000001C			game_play_music ENDP

				; 載入背景
 0000001C			@load_bg PROC
				    ; 創建背景紋理
 0000001C  6A 00		    push 0
 0000001E  68 00000000 R	    push offset bg_path
 00000023  E8 00000000 E	    call sfTexture_createFromFile
 00000028  83 C4 08		    add esp, 8
 0000002B  85 C0		    test eax, eax
 0000002D  74 2B		    jz @fail_load
 0000002F  A3 0000007A R	    mov bgTexture, eax

				    ; 創建背景精靈
 00000034  E8 00000000 E	    call sfSprite_create
 00000039  85 C0		    test eax, eax
 0000003B  74 1D		    jz @fail_load
 0000003D  A3 0000007E R	    mov DWORD PTR [bgSprite], eax

				    ; 設定紋理
 00000042  6A 01		    push 1
 00000044  A1 0000007A R	    mov eax, DWORD PTR [bgTexture]
 00000049  50			    push eax
 0000004A  8B 0D 0000007E R	    mov ecx, DWORD PTR [bgSprite]
 00000050  51			    push ecx
 00000051  E8 00000000 E	    call sfSprite_setTexture
 00000056  83 C4 0C		    add esp, 12
 00000059  C3			    ret

 0000005A			@fail_load:
 0000005A  B8 00000000		    mov eax, 0
 0000005F  C3			    ret
 00000060			@load_bg ENDP

				; 載入音符
 00000060			@load_notes PROC
				    ; 創建紅色音符紋理
 00000060  6A 00		    push 0
 00000062  68 0000001B R	    push offset red_note_path
 00000067  E8 00000000 E	    call sfTexture_createFromFile
 0000006C  83 C4 08		    add esp, 8
 0000006F  85 C0		    test eax, eax
 00000071  74 06		    jz @fail_load
 00000073  A3 00000082 R	    mov redNoteTexture, eax
 00000078  C3			    ret

 00000079			@fail_load:
 00000079  B8 00000000		    mov eax, 0
 0000007E  C3			    ret
 0000007F			@load_notes ENDP

				; 生成新的音符
 0000007F			@generate_note PROC
				    ; 如果音符超過最大數量，則跳過
 0000007F  A1 0000048A R	    mov eax, noteCount
 00000084  3D 00000100		    cmp eax, 256   ; 生成最多 256 個音符
 00000089  73 50		    jae @end

				    ; 創建新的音符精靈
 0000008B  E8 00000000 E	    call sfSprite_create
 00000090  85 C0		    test eax, eax
 00000092  74 47		    jz @end

				    ; 將新的音符精靈儲存到陣列中
 00000094  8B 35 0000048A R	    mov esi, noteCount           ; 使用 noteCount 來確保索引有效
 0000009A  89 04 B5		    mov DWORD PTR [noteSprites + esi*4], eax
	   0000008A R

				    ; 設定紅色音符紋理
 000000A1  6A 01		    push 1
 000000A3  A1 00000082 R	    mov eax, redNoteTexture
 000000A8  50			    push eax
 000000A9  8B 0C B5		    mov ecx, DWORD PTR [noteSprites + esi*4]
	   0000008A R
 000000B0  51			    push ecx
 000000B1  E8 00000000 E	    call sfSprite_setTexture
 000000B6  83 C4 0C		    add esp, 12

				    ; 設定音符初始位置
 000000B9  FF 35 000004CA R	    push dword ptr [notePosition+4] ; Y 座標
 000000BF  FF 35 000004C6 R	    push dword ptr [notePosition]   ; X 座標
 000000C5  8B 04 B5		    mov eax, DWORD PTR [noteSprites + esi*4]
	   0000008A R
 000000CC  50			    push eax
 000000CD  E8 00000000 E	    call sfSprite_setPosition
 000000D2  83 C4 0C		    add esp, 12

				    ; 更新音符數量
 000000D5  FF 05 0000048A R	    inc noteCount
 000000DB			@end:
 000000DB  C3			    ret
 000000DC			@generate_note ENDP

				; 更新音符位置
 000000DC			@update_notes PROC
 000000DC  33 F6		    xor esi, esi

 000000DE			@loop_notes:
 000000DE  3B 35 0000048A R	    cmp esi, noteCount
 000000E4  7D 23		    jge @end

				    ; 檢查音符是否有效
 000000E6  8B 04 B5		    mov eax, DWORD PTR [noteSprites + esi*4]
	   0000008A R
 000000ED  85 C0		    test eax, eax
 000000EF  74 15		    jz @next_note

				    ; 移動音符
 000000F1  FF 35 000004D2 R	    push dword ptr [movePosition+4] ; Y 方向不變
 000000F7  FF 35 000004BA R	    push scrollSpeed                ; X 方向移動
 000000FD  50			    push eax
 000000FE  E8 00000000 E	    call sfSprite_move
 00000103  83 C4 0C		    add esp, 12

 00000106			@next_note:
 00000106  46			    inc esi
 00000107  EB D5		    jmp @loop_notes
 00000109			@end:
 00000109  C3			    ret
 0000010A			@update_notes ENDP

				; 清理音符
 0000010A			@cleanup_notes PROC
 0000010A  33 F6		    xor esi, esi

 0000010C			@loop_cleanup:
 0000010C  3B 35 0000048A R	    cmp esi, noteCount
 00000112  7D 17		    jge @end

				    ; 檢查音符是否有效
 00000114  8B 04 B5		    mov eax, DWORD PTR [noteSprites + esi*4]
	   0000008A R
 0000011B  85 C0		    test eax, eax
 0000011D  74 09		    jz @next_cleanup

				    ; 銷毀音符精靈
 0000011F  50			    push eax
 00000120  E8 00000000 E	    call sfSprite_destroy
 00000125  83 C4 04		    add esp, 4

 00000128			@next_cleanup:
 00000128  46			    inc esi
 00000129  EB E1		    jmp @loop_cleanup
 0000012B			@end:
 0000012B  C3			    ret
 0000012C			@cleanup_notes ENDP

 0000012C			main_game_page PROC window:DWORD
				    ; 載入背景
 0000012F  E8 FFFFFEE8		    call @load_bg
 00000134  85 C0		    test eax, eax
 00000136  0F 84 000000E8	    jz @exit_program

				    ; 播放音樂
 0000013C  E8 FFFFFEBF		    call game_play_music

				    ; 載入音符
 00000141  E8 FFFFFF1A		    call @load_notes
 00000146  85 C0		    test eax, eax
 00000148  0F 84 000000D6	    jz @exit_program

				    ; 初始化計時器
 0000014E  E8 00000000 E	    call sfClock_create
 00000153  85 C0		    test eax, eax
 00000155  0F 84 000000C9	    jz @exit_program
 0000015B  A3 00000492 R	    mov clock, eax

				    ; 設置音符生成間隔開始時間
 00000160  F3/ 0F 11 05		    movss note_timer, xmm0
	   00000496 R

 00000168			@main_loop:
				    ; 檢查視窗是否開啟
 00000168  8B 45 08		    mov eax, window
 0000016B  50			    push eax
 0000016C  E8 00000000 E	    call sfRenderWindow_isOpen
 00000171  83 C4 04		    add esp, 4
 00000174  85 C0		    test eax, eax
 00000176  0F 84 000000A8	    je @exit_program

				    ; 更新計時器
 0000017C  A1 00000492 R	    mov eax, clock
 00000181  50			    push eax
 00000182  E8 00000000 E	    call sfClock_getElapsedTime
 00000187  83 C4 04		    add esp, 4
 0000018A  85 C0		    test eax, eax
 0000018C  0F 84 00000092	    jz @exit_program               ; 如果時間返回無效，退出程式

				    ; 提取微秒並轉換為秒數
 00000192  BB 000F4240		    mov ebx, 1000000  ; 1,000,000 用於將微秒轉換為秒
 00000197  33 D2		    xor edx, edx      ; 清除 edx，準備進行除法操作
 00000199  F7 F3		    div ebx           ; eax = microseconds / 1,000,000 (秒數)
 0000019B  F3/ 0F 11 05		    movss note_timer, xmm0  ; 將秒數存儲到 note_timer
	   00000496 R

				    ; 判斷是否生成新的音符
 000001A3  F3/ 0F 10 05		    movss xmm0, note_timer
	   00000496 R
 000001AB  F3/ 0F 10 0D		    movss xmm1, note_interval
	   0000049A R
 000001B3  0F 2F C1		    comiss xmm0, xmm1
 000001B6  72 0A		    jb @skip_generate_note

				    ; 生成音符並重置計時器
 000001B8  E8 FFFFFEC2		    call @generate_note
 000001BD  E8 00000000 E	    call sfClock_restart           ; 重置時鐘

 000001C2			@skip_generate_note:
				    ; 更新音符
 000001C2  E8 FFFFFF15		    call @update_notes

				    ; 清除視窗
 000001C7  FF 35 000004C2 R	    push blackColor
 000001CD  FF 75 08		    push window
 000001D0  E8 00000000 E	    call sfRenderWindow_clear
 000001D5  83 C4 08		    add esp, 8

				    ; 繪製背景
 000001D8  6A 00		    push 0
 000001DA  A1 0000007E R	    mov eax, bgSprite
 000001DF  50			    push eax
 000001E0  8B 4D 08		    mov ecx, window
 000001E3  51			    push ecx
 000001E4  E8 00000000 E	    call sfRenderWindow_drawSprite
 000001E9  83 C4 0C		    add esp, 12

				    ; 繪製音符
 000001EC  33 F6		    xor esi, esi
 000001EE			@draw_notes_loop:
 000001EE  3B 35 0000048A R	    cmp esi, noteCount
 000001F4  7D 1D		    jge @end_draw_notes

 000001F6  8B 04 B5		    mov eax, DWORD PTR [noteSprites + esi*4]
	   0000008A R
 000001FD  85 C0		    test eax, eax
 000001FF  74 0F		    jz @next_draw

 00000201  6A 00		    push 0
 00000203  50			    push eax
 00000204  8B 4D 08		    mov ecx, window
 00000207  51			    push ecx
 00000208  E8 00000000 E	    call sfRenderWindow_drawSprite
 0000020D  83 C4 0C		    add esp, 12

 00000210			@next_draw:
 00000210  46			    inc esi
 00000211  EB DB		    jmp @draw_notes_loop
 00000213			@end_draw_notes:

				    ; 顯示視窗
 00000213  8B 45 08		    mov eax, window
 00000216  50			    push eax
 00000217  E8 00000000 E	    call sfRenderWindow_display
 0000021C  83 C4 04		    add esp, 4

 0000021F  E9 FFFFFF44		    jmp @main_loop

 00000224			@exit_program:
 00000224  E8 FFFFFEE1		    call @cleanup_notes

 00000229  FF 35 0000007E R	    push bgSprite
 0000022F  E8 00000000 E	    call sfSprite_destroy
 00000234  83 C4 04		    add esp, 4

 00000237  FF 35 0000007A R	    push bgTexture
 0000023D  E8 00000000 E	    call sfTexture_destroy
 00000242  83 C4 04		    add esp, 4

 00000245  FF 35 00000082 R	    push redNoteTexture
 0000024B  E8 00000000 E	    call sfTexture_destroy
 00000250  83 C4 04		    add esp, 4

 00000253  FF 35 00000492 R	    push clock
 00000259  E8 00000000 E	    call sfClock_destroy
 0000025E  83 C4 04		    add esp, 4

				    ret
 00000263			main_game_page ENDP

				END main_game_page
Microsoft (R) Macro Assembler Version 14.42.34435.0	    12/18/24 22:32:29
main_game_page.asm					     Symbols 2 - 1




Structures and Unions:

                N a m e                  Size
                                         Offset      Type

key  . . . . . . . . . . . . . .	 00000014
  code . . . . . . . . . . . . .	 00000000	 DWord
  alt  . . . . . . . . . . . . .	 00000004	 DWord
  control  . . . . . . . . . . .	 00000008	 DWord
  shift  . . . . . . . . . . . .	 0000000C	 DWord
  system . . . . . . . . . . . .	 00000010	 DWord
mouseButton  . . . . . . . . . .	 0000000C
  button . . . . . . . . . . . .	 00000000	 DWord
  x  . . . . . . . . . . . . . .	 00000004	 DWord
  y  . . . . . . . . . . . . . .	 00000008	 DWord
sfColor  . . . . . . . . . . . .	 00000004
  r  . . . . . . . . . . . . . .	 00000000	 Byte
  g  . . . . . . . . . . . . . .	 00000001	 Byte
  b  . . . . . . . . . . . . . .	 00000002	 Byte
  a  . . . . . . . . . . . . . .	 00000003	 Byte
sfEvent  . . . . . . . . . . . .	 00000030
  _type  . . . . . . . . . . . .	 00000000	 DWord
  _size  . . . . . . . . . . . .	 00000004	 DWord
  mouse  . . . . . . . . . . . .	 00000008	 
  _key . . . . . . . . . . . . .	 00000014	 
  mouseMove  . . . . . . . . . .	 00000028	 QWord
sfFloatRect  . . . . . . . . . .	 00000010
  left . . . . . . . . . . . . .	 00000000	 DWord
  top  . . . . . . . . . . . . .	 00000004	 DWord
  _width . . . . . . . . . . . .	 00000008	 DWord
  height . . . . . . . . . . . .	 0000000C	 DWord
sfVector2f . . . . . . . . . . .	 00000008
  x  . . . . . . . . . . . . . .	 00000000	 DWord
  y  . . . . . . . . . . . . . .	 00000004	 DWord
sfVector2i . . . . . . . . . . .	 00000008
  x  . . . . . . . . . . . . . .	 00000000	 DWord
  y  . . . . . . . . . . . . . .	 00000004	 DWord
sfVideoMode  . . . . . . . . . .	 0000000C
  _width . . . . . . . . . . . .	 00000000	 DWord
  height . . . . . . . . . . . .	 00000004	 DWord
  bpp  . . . . . . . . . . . . .	 00000008	 DWord


Segments and Groups:

                N a m e                 Size     Length   Align   Combine Class

FLAT . . . . . . . . . . . . . .	GROUP
_DATA  . . . . . . . . . . . . .	32 Bit	 000004D6 Para	  Public  'DATA'	
_TEXT  . . . . . . . . . . . . .	32 Bit	 00000263 Para	  Public  'CODE'	


Procedures, parameters, and locals:

                N a m e                 Type     Value    Attr

@cleanup_notes . . . . . . . . .	P Near	 0000010A _TEXT	Length= 00000022 Public C
  @loop_cleanup  . . . . . . . .	L Near	 0000010C _TEXT	
  @next_cleanup  . . . . . . . .	L Near	 00000128 _TEXT	
  @end . . . . . . . . . . . . .	L Near	 0000012B _TEXT	
@generate_note . . . . . . . . .	P Near	 0000007F _TEXT	Length= 0000005D Public C
  @end . . . . . . . . . . . . .	L Near	 000000DB _TEXT	
@load_bg . . . . . . . . . . . .	P Near	 0000001C _TEXT	Length= 00000044 Public C
  @fail_load . . . . . . . . . .	L Near	 0000005A _TEXT	
@load_notes  . . . . . . . . . .	P Near	 00000060 _TEXT	Length= 0000001F Public C
  @fail_load . . . . . . . . . .	L Near	 00000079 _TEXT	
@update_notes  . . . . . . . . .	P Near	 000000DC _TEXT	Length= 0000002E Public C
  @loop_notes  . . . . . . . . .	L Near	 000000DE _TEXT	
  @next_note . . . . . . . . . .	L Near	 00000106 _TEXT	
  @end . . . . . . . . . . . . .	L Near	 00000109 _TEXT	
game_play_music  . . . . . . . .	P Near	 00000000 _TEXT	Length= 0000001C Public C
main_game_page . . . . . . . . .	P Near	 0000012C _TEXT	Length= 00000137 Public C
  window . . . . . . . . . . . .	DWord	 bp + 00000008
  @main_loop . . . . . . . . . .	L Near	 00000168 _TEXT	
  @skip_generate_note  . . . . .	L Near	 000001C2 _TEXT	
  @draw_notes_loop . . . . . . .	L Near	 000001EE _TEXT	
  @next_draw . . . . . . . . . .	L Near	 00000210 _TEXT	
  @end_draw_notes  . . . . . . .	L Near	 00000213 _TEXT	
  @exit_program  . . . . . . . .	L Near	 00000224 _TEXT	


Symbols:

                N a m e                 Type     Value    Attr

@CodeSize  . . . . . . . . . . .	Number	 00000000h   
@DataSize  . . . . . . . . . . .	Number	 00000000h   
@Interface . . . . . . . . . . .	Number	 00000001h   
@Model . . . . . . . . . . . . .	Number	 00000007h   
@code  . . . . . . . . . . . . .	Text   	 _TEXT
@data  . . . . . . . . . . . . .	Text   	 FLAT
@fardata?  . . . . . . . . . . .	Text   	 FLAT
@fardata . . . . . . . . . . . .	Text   	 FLAT
@stack . . . . . . . . . . . . .	Text   	 FLAT
bgSprite . . . . . . . . . . . .	DWord	 0000007E _DATA	
bgTexture  . . . . . . . . . . .	DWord	 0000007A _DATA	
bg_path  . . . . . . . . . . . .	Byte	 00000000 _DATA	
bgmusic  . . . . . . . . . . . .	DWord	 0000048E _DATA	
blackColor . . . . . . . . . . .	sfColor	 000004C2 _DATA	
blueNoteTexture  . . . . . . . .	DWord	 00000086 _DATA	
blue_note_path . . . . . . . . .	Byte	 00000034 _DATA	
clock  . . . . . . . . . . . . .	DWord	 00000492 _DATA	
currentPage  . . . . . . . . . .	DWord	 00000000 FLAT	External C
movePosition . . . . . . . . . .	sfVector2f  000004CE _DATA	
noteCount  . . . . . . . . . . .	DWord	 0000048A _DATA	
notePosition . . . . . . . . . .	sfVector2f  000004C6 _DATA	
noteSprites  . . . . . . . . . .	DWord	 0000008A _DATA	
note_interval  . . . . . . . . .	DWord	 0000049A _DATA	
note_timer . . . . . . . . . . .	DWord	 00000496 _DATA	
redNoteTexture . . . . . . . . .	DWord	 00000082 _DATA	
red_note_path  . . . . . . . . .	Byte	 0000001B _DATA	
scrollSpeed  . . . . . . . . . .	DWord	 000004BA _DATA	
selected_beatmap_path  . . . . .	Byte	 00000064 _DATA	
selected_music_path  . . . . . .	Byte	 0000004E _DATA	
sfClock_create . . . . . . . . .	L Near	 00000000 FLAT	External C
sfClock_destroy  . . . . . . . .	L Near	 00000000 FLAT	External C
sfClock_getElapsedTime . . . . .	L Near	 00000000 FLAT	External C
sfClock_restart  . . . . . . . .	L Near	 00000000 FLAT	External C
sfClose  . . . . . . . . . . . .	Number	 00000004h   
sfColor_fromRGBA . . . . . . . .	L Near	 00000000 FLAT	External C
sfColor_fromRGB  . . . . . . . .	L Near	 00000000 FLAT	External C
sfEvtClosed  . . . . . . . . . .	Number	 00000000h   
sfEvtGainedFocus . . . . . . . .	Number	 00000003h   
sfEvtKeyPressed  . . . . . . . .	Number	 00000005h   
sfEvtKeyReleased . . . . . . . .	Number	 00000006h   
sfEvtLostFocus . . . . . . . . .	Number	 00000002h   
sfEvtMouseButtonPressed  . . . .	Number	 00000009h   
sfEvtMouseButtonReleased . . . .	Number	 0000000Ah   
sfEvtMouseEntered  . . . . . . .	Number	 0000000Ch   
sfEvtMouseLeft . . . . . . . . .	Number	 0000000Dh   
sfEvtMouseMoved  . . . . . . . .	Number	 0000000Bh   
sfEvtMouseWheelMoved . . . . . .	Number	 00000007h   
sfEvtMouseWheelScrolled  . . . .	Number	 00000008h   
sfEvtResized . . . . . . . . . .	Number	 00000001h   
sfEvtTextEntered . . . . . . . .	Number	 00000004h   
sfFalse  . . . . . . . . . . . .	Number	 00000000h   
sfFont_createFromFile  . . . . .	L Near	 00000000 FLAT	External C
sfFont_destroy . . . . . . . . .	L Near	 00000000 FLAT	External C
sfFullscreen . . . . . . . . . .	Number	 00000008h   
sfKeyA . . . . . . . . . . . . .	Number	 00000000h   
sfKeyD . . . . . . . . . . . . .	Number	 00000003h   
sfKeyEnter . . . . . . . . . . .	Number	 0000003Ah   
sfKeyEscape  . . . . . . . . . .	Number	 00000024h   
sfKeyS . . . . . . . . . . . . .	Number	 00000012h   
sfMouseLeft  . . . . . . . . . .	Number	 00000000h   
sfMouseMiddle  . . . . . . . . .	Number	 00000002h   
sfMouseRight . . . . . . . . . .	Number	 00000001h   
sfMusic_createFromFile . . . . .	L Near	 00000000 FLAT	External C
sfMusic_destroy  . . . . . . . .	L Near	 00000000 FLAT	External C
sfMusic_getStatus  . . . . . . .	L Near	 00000000 FLAT	External C
sfMusic_play . . . . . . . . . .	L Near	 00000000 FLAT	External C
sfMusic_setLoop  . . . . . . . .	L Near	 00000000 FLAT	External C
sfMusic_stop . . . . . . . . . .	L Near	 00000000 FLAT	External C
sfNone . . . . . . . . . . . . .	Number	 00000000h   
sfRectangleShape_create  . . . .	L Near	 00000000 FLAT	External C
sfRectangleShape_destroy . . . .	L Near	 00000000 FLAT	External C
sfRectangleShape_setFillColor  .	L Near	 00000000 FLAT	External C
sfRectangleShape_setOutlineColor .	L Near	 00000000 FLAT	External C
sfRectangleShape_setOutlineThickness .	L Near	 00000000 FLAT	External C
sfRectangleShape_setPosition . .	L Near	 00000000 FLAT	External C
sfRectangleShape_setSize . . . .	L Near	 00000000 FLAT	External C
sfRenderWindow_clear . . . . . .	L Near	 00000000 FLAT	External C
sfRenderWindow_close . . . . . .	L Near	 00000000 FLAT	External C
sfRenderWindow_create  . . . . .	L Near	 00000000 FLAT	External C
sfRenderWindow_destroy . . . . .	L Near	 00000000 FLAT	External C
sfRenderWindow_display . . . . .	L Near	 00000000 FLAT	External C
sfRenderWindow_drawRectangleShape 	L Near	 00000000 FLAT	External C
sfRenderWindow_drawSprite  . . .	L Near	 00000000 FLAT	External C
sfRenderWindow_drawText  . . . .	L Near	 00000000 FLAT	External C
sfRenderWindow_isOpen  . . . . .	L Near	 00000000 FLAT	External C
sfRenderWindow_pollEvent . . . .	L Near	 00000000 FLAT	External C
sfResize . . . . . . . . . . . .	Number	 00000002h   
sfSleep  . . . . . . . . . . . .	L Near	 00000000 FLAT	External C
sfSprite_create  . . . . . . . .	L Near	 00000000 FLAT	External C
sfSprite_destroy . . . . . . . .	L Near	 00000000 FLAT	External C
sfSprite_move  . . . . . . . . .	L Near	 00000000 FLAT	External C
sfSprite_setOrigin . . . . . . .	L Near	 00000000 FLAT	External C
sfSprite_setPosition . . . . . .	L Near	 00000000 FLAT	External C
sfSprite_setTexture  . . . . . .	L Near	 00000000 FLAT	External C
sfText_create  . . . . . . . . .	L Near	 00000000 FLAT	External C
sfText_destroy . . . . . . . . .	L Near	 00000000 FLAT	External C
sfText_getGlobalBounds . . . . .	L Near	 00000000 FLAT	External C
sfText_getLocalBounds  . . . . .	L Near	 00000000 FLAT	External C
sfText_setCharacterSize  . . . .	L Near	 00000000 FLAT	External C
sfText_setFillColor  . . . . . .	L Near	 00000000 FLAT	External C
sfText_setFont . . . . . . . . .	L Near	 00000000 FLAT	External C
sfText_setOutlineColor . . . . .	L Near	 00000000 FLAT	External C
sfText_setOutlineThickness . . .	L Near	 00000000 FLAT	External C
sfText_setPosition . . . . . . .	L Near	 00000000 FLAT	External C
sfText_setString . . . . . . . .	L Near	 00000000 FLAT	External C
sfTexture_createFromFile . . . .	L Near	 00000000 FLAT	External C
sfTexture_destroy  . . . . . . .	L Near	 00000000 FLAT	External C
sfTitlebar . . . . . . . . . . .	Number	 00000001h   
sfTrue . . . . . . . . . . . . .	Number	 00000001h   
whiteColor . . . . . . . . . . .	sfColor	 000004BE _DATA	
windowTitle  . . . . . . . . . .	Byte	 000004AA _DATA	
window_videoMode . . . . . . . .	sfVideoMode  0000049E _DATA	

	   0 Warnings
	   0 Errors
